

================================================================
== Vitis HLS Report for 'run_PE'
================================================================
* Date:           Tue Nov 12 11:52:54 2024

* Version:        2022.1 (Build 3526262 on Mon Apr 18 15:48:16 MDT 2022)
* Project:        dataflow
* Solution:       solution1 (Vitis Kernel Flow Target)
* Product family: zynquplus
* Target device:  xczu3eg-sbva484-1-i


================================================================
== Performance Estimates
================================================================
+ Timing: 
    * Summary: 
    +--------+----------+----------+------------+
    |  Clock |  Target  | Estimated| Uncertainty|
    +--------+----------+----------+------------+
    |ap_clk  |  10.00 ns|  4.239 ns|     2.70 ns|
    +--------+----------+----------+------------+

+ Latency: 
    * Summary: 
    +---------+---------+----------+----------+-----+-----+---------+
    |  Latency (cycles) |  Latency (absolute) |  Interval | Pipeline|
    |   min   |   max   |    min   |    max   | min | max |   Type  |
    +---------+---------+----------+----------+-----+-----+---------+
    |       28|       28|  0.280 us|  0.280 us|   28|   28|       no|
    +---------+---------+----------+----------+-----+-----+---------+

    + Detail: 
        * Instance: 
        N/A

        * Loop: 
        +--------------------+---------+---------+----------+-----------+-----------+------+----------+
        |                    |  Latency (cycles) | Iteration|  Initiation Interval  | Trip |          |
        |      Loop Name     |   min   |   max   |  Latency |  achieved |   target  | Count| Pipelined|
        +--------------------+---------+---------+----------+-----------+-----------+------+----------+
        |- VITIS_LOOP_55_1   |       12|       12|         6|          -|          -|     2|        no|
        | + VITIS_LOOP_57_2  |        4|        4|         2|          -|          -|     2|        no|
        |- VITIS_LOOP_65_3   |       14|       14|         7|          -|          -|     2|        no|
        | + VITIS_LOOP_68_4  |        4|        4|         2|          -|          -|     2|        no|
        +--------------------+---------+---------+----------+-----------+-----------+------+----------+



================================================================
== Utilization Estimates
================================================================
* Summary: 
+-----------------+---------+-----+--------+-------+-----+
|       Name      | BRAM_18K| DSP |   FF   |  LUT  | URAM|
+-----------------+---------+-----+--------+-------+-----+
|DSP              |        -|    -|       -|      -|    -|
|Expression       |        -|    -|       0|    161|    -|
|FIFO             |        -|    -|       -|      -|    -|
|Instance         |        -|    0|       0|     58|    -|
|Memory           |        0|    -|      48|      2|    0|
|Multiplexer      |        -|    -|       -|    131|    -|
|Register         |        -|    -|      54|      -|    -|
+-----------------+---------+-----+--------+-------+-----+
|Total            |        0|    0|     102|    352|    0|
+-----------------+---------+-----+--------+-------+-----+
|Available        |      432|  360|  141120|  70560|    0|
+-----------------+---------+-----+--------+-------+-----+
|Utilization (%)  |        0|    0|      ~0|     ~0|    0|
+-----------------+---------+-----+--------+-------+-----+

+ Detail: 
    * Instance: 
    +----------------------+------------------+---------+----+---+----+-----+
    |       Instance       |      Module      | BRAM_18K| DSP| FF| LUT| URAM|
    +----------------------+------------------+---------+----+---+----+-----+
    |mul_8s_8s_16_1_1_U13  |mul_8s_8s_16_1_1  |        0|   0|  0|  40|    0|
    |mux_22_8_1_1_U11      |mux_22_8_1_1      |        0|   0|  0|   9|    0|
    |mux_22_8_1_1_U12      |mux_22_8_1_1      |        0|   0|  0|   9|    0|
    +----------------------+------------------+---------+----+---+----+-----+
    |Total                 |                  |        0|   0|  0|  58|    0|
    +----------------------+------------------+---------+----+---+----+-----+

    * DSP: 
    N/A

    * Memory: 
    +-----------------+------------------------------------+---------+----+----+-----+------+-----+------+-------------+
    |      Memory     |               Module               | BRAM_18K| FF | LUT| URAM| Words| Bits| Banks| W*Bits*Banks|
    +-----------------+------------------------------------+---------+----+----+-----+------+-----+------+-------------+
    |output_reg_U     |run_PE_output_reg_RAM_AUTO_1R1W     |        0|  16|   1|    0|     4|   16|     1|           64|
    |output_temp_0_U  |run_PE_output_temp_0_RAM_AUTO_1R1W  |        0|  32|   1|    0|     2|   32|     1|           64|
    +-----------------+------------------------------------+---------+----+----+-----+------+-----+------+-------------+
    |Total            |                                    |        0|  48|   2|    0|     6|   48|     2|          128|
    +-----------------+------------------------------------+---------+----+----+-----+------+-----+------+-------------+

    * FIFO: 
    N/A

    * Expression: 
    +---------------------+----------+----+---+----+------------+------------+
    |    Variable Name    | Operation| DSP| FF| LUT| Bitwidth P0| Bitwidth P1|
    +---------------------+----------+----+---+----+------------+------------+
    |add_ln55_fu_230_p2   |         +|   0|  0|   9|           2|           1|
    |add_ln57_fu_274_p2   |         +|   0|  0|   9|           2|           1|
    |add_ln59_fu_245_p2   |         +|   0|  0|  10|           3|           3|
    |add_ln61_fu_258_p2   |         +|   0|  0|   9|           2|           2|
    |add_ln65_fu_341_p2   |         +|   0|  0|   9|           2|           1|
    |add_ln68_fu_363_p2   |         +|   0|  0|   9|           2|           1|
    |add_ln70_fu_347_p2   |         +|   0|  0|   9|           2|           2|
    |add_ln75_fu_387_p2   |         +|   0|  0|  39|          32|          32|
    |sum_1_fu_377_p2      |         +|   0|  0|  24|          17|          17|
    |icmp_ln55_fu_224_p2  |      icmp|   0|  0|   8|           2|           3|
    |icmp_ln57_fu_268_p2  |      icmp|   0|  0|   8|           2|           3|
    |icmp_ln65_fu_335_p2  |      icmp|   0|  0|   8|           2|           3|
    |icmp_ln68_fu_357_p2  |      icmp|   0|  0|   8|           2|           3|
    |ap_block_state1      |        or|   0|  0|   2|           1|           1|
    +---------------------+----------+----+---+----+------------+------------+
    |Total                |          |   0|  0| 161|          73|          73|
    +---------------------+----------+----+---+----+------------+------------+

    * Multiplexer: 
    +------------------------+----+-----------+-----+-----------+
    |          Name          | LUT| Input Size| Bits| Total Bits|
    +------------------------+----+-----------+-----+-----------+
    |ap_NS_fsm               |  49|          9|    1|          9|
    |ap_done                 |   9|          2|    1|          2|
    |ci_1_reg_179            |   9|          2|    2|          4|
    |ci_reg_168              |   9|          2|    2|          4|
    |ki_1_fu_64              |   9|          2|    2|          4|
    |ki_fu_52                |   9|          2|    2|          4|
    |output_reg_address0     |  14|          3|    2|          6|
    |output_temp_0_address0  |  14|          3|    1|          3|
    |sum_reg_190             |   9|          2|   17|         34|
    +------------------------+----+-----------+-----+-----------+
    |Total                   | 131|         27|   30|         70|
    +------------------------+----+-----------+-----+-----------+

    * Register: 
    +----------------------------+----+----+-----+-----------+
    |            Name            | FF | LUT| Bits| Const Bits|
    +----------------------------+----+----+-----+-----------+
    |add_ln55_reg_421            |   2|   0|    2|          0|
    |add_ln57_reg_461            |   2|   0|    2|          0|
    |add_ln65_reg_484            |   2|   0|    2|          0|
    |add_ln68_reg_497            |   2|   0|    2|          0|
    |ap_CS_fsm                   |   8|   0|    8|          0|
    |ap_done_reg                 |   1|   0|    1|          0|
    |ci_1_reg_179                |   2|   0|    2|          0|
    |ci_reg_168                  |   2|   0|    2|          0|
    |ki_1_fu_64                  |   2|   0|    2|          0|
    |ki_3_reg_407                |   2|   0|    2|          0|
    |ki_fu_52                    |   2|   0|    2|          0|
    |output_buf5_addr_reg_476    |   1|   0|    2|          1|
    |output_reg_addr_reg_453     |   2|   0|    2|          0|
    |output_temp_0_addr_reg_502  |   1|   0|    1|          0|
    |shl_ln61_reg_413            |   1|   0|    2|          1|
    |shl_ln77_reg_471            |   1|   0|    2|          1|
    |sum_reg_190                 |  17|   0|   17|          0|
    |tmp_reg_402                 |   2|   0|    3|          1|
    |zext_ln65_reg_466           |   2|   0|   64|         62|
    +----------------------------+----+----+-----+-----------+
    |Total                       |  54|   0|  120|         66|
    +----------------------------+----+----+-----+-----------+



================================================================
== Interface
================================================================
* Summary: 
+------------------------+-----+-----+------------+---------------+--------------+
|        RTL Ports       | Dir | Bits|  Protocol  | Source Object |    C Type    |
+------------------------+-----+-----+------------+---------------+--------------+
|ap_clk                  |   in|    1|  ap_ctrl_hs|         run_PE|  return value|
|ap_rst                  |   in|    1|  ap_ctrl_hs|         run_PE|  return value|
|ap_start                |   in|    1|  ap_ctrl_hs|         run_PE|  return value|
|ap_done                 |  out|    1|  ap_ctrl_hs|         run_PE|  return value|
|ap_continue             |   in|    1|  ap_ctrl_hs|         run_PE|  return value|
|ap_idle                 |  out|    1|  ap_ctrl_hs|         run_PE|  return value|
|ap_ready                |  out|    1|  ap_ctrl_hs|         run_PE|  return value|
|input_buf1_address0     |  out|    3|   ap_memory|     input_buf1|         array|
|input_buf1_ce0          |  out|    1|   ap_memory|     input_buf1|         array|
|input_buf1_q0           |   in|    8|   ap_memory|     input_buf1|         array|
|input_buf_12_address0   |  out|    3|   ap_memory|   input_buf_12|         array|
|input_buf_12_ce0        |  out|    1|   ap_memory|   input_buf_12|         array|
|input_buf_12_q0         |   in|    8|   ap_memory|   input_buf_12|         array|
|weight_buf3_address0    |  out|    3|   ap_memory|    weight_buf3|         array|
|weight_buf3_ce0         |  out|    1|   ap_memory|    weight_buf3|         array|
|weight_buf3_q0          |   in|    8|   ap_memory|    weight_buf3|         array|
|weight_buf_14_address0  |  out|    3|   ap_memory|  weight_buf_14|         array|
|weight_buf_14_ce0       |  out|    1|   ap_memory|  weight_buf_14|         array|
|weight_buf_14_q0        |   in|    8|   ap_memory|  weight_buf_14|         array|
|output_buf5_address0    |  out|    2|   ap_memory|    output_buf5|         array|
|output_buf5_ce0         |  out|    1|   ap_memory|    output_buf5|         array|
|output_buf5_we0         |  out|    1|   ap_memory|    output_buf5|         array|
|output_buf5_d0          |  out|   32|   ap_memory|    output_buf5|         array|
|p_read                  |   in|    2|     ap_none|         p_read|        scalar|
+------------------------+-----+-----+------------+---------------+--------------+

